# file opened: c:\Projects\Z80-Snake\.tmp\disasm.list
 1    0000              L0010:       equ  0010h
 2    0000              L0097:       equ  0097h
 3    0000              L0C0A:       equ  0C0Ah
 4    0000              L0D6E:       equ  0D6Eh
 5    0000              L0ECD:       equ  0ECDh
 6    0000              L15EF:       equ  15EFh
 7    0000              L16B0:       equ  16B0h
 8    0000              L1A1B:       equ  1A1Bh
 9    0000              L1B8A:       equ  1B8Ah
10    0000              L5C0B:       equ  5C0Bh
11    0000              L5C16:       equ  5C16h
12    0000              L5C3A:       equ  5C3Ah
13    0000              L5C45:       equ  5C45h
14    0000
15    0000
16    0000                           org 1300h
17    1300
18    1300
c:\Projects\Z80-Snake\.tmp\disasm.list(19): error: Unrecognized instruction: L1300
19    1300              1300 L1300
19    1300
c:\Projects\Z80-Snake\.tmp\disasm.list(20): error: Unrecognized instruction: CD 8A 1B     CALL L1B8A
20    1300              1300 CD 8A 1B     CALL L1B8A
c:\Projects\Z80-Snake\.tmp\disasm.list(21): error: Unrecognized instruction: 76           HALT
21    1300              1303 76           HALT
c:\Projects\Z80-Snake\.tmp\disasm.list(22): error: Unrecognized instruction: FD CB 01 AE  RES  5,(IY+1)
22    1300              1304 FD CB 01 AE  RES  5,(IY+1)
c:\Projects\Z80-Snake\.tmp\disasm.list(23): error: Unrecognized instruction: FD CB 30 4E  BIT  1,(IY+48)
23    1300              1308 FD CB 30 4E  BIT  1,(IY+48)
c:\Projects\Z80-Snake\.tmp\disasm.list(24): error: Invalid temporary label (not a number): 130C
c:\Projects\Z80-Snake\.tmp\disasm.list(24): error: Unrecognized instruction: C4 CD 0E     CALL NZ,L0ECD
24    1300              130C C4 CD 0E     CALL NZ,L0ECD
c:\Projects\Z80-Snake\.tmp\disasm.list(25): error: Invalid temporary label (not a number): 130F
c:\Projects\Z80-Snake\.tmp\disasm.list(25): error: Unrecognized instruction: 3A 3A 5C     LD   A,(L5C3A)
25    1300              130F 3A 3A 5C     LD   A,(L5C3A)
c:\Projects\Z80-Snake\.tmp\disasm.list(26): error: Unrecognized instruction: 3C           INC  A
26    1300              1312 3C           INC  A
c:\Projects\Z80-Snake\.tmp\disasm.list(27): error: Unrecognized instruction: F5           PUSH AF
27    1300              1313 F5           PUSH AF
c:\Projects\Z80-Snake\.tmp\disasm.list(28): error: Unrecognized instruction: 21 00 00     LD   HL,0000h
28    1300              1314 21 00 00     LD   HL,0000h
c:\Projects\Z80-Snake\.tmp\disasm.list(29): error: Unrecognized instruction: FD 74 37     LD   (IY+55),H
29    1300              1317 FD 74 37     LD   (IY+55),H
c:\Projects\Z80-Snake\.tmp\disasm.list(30): error: Invalid temporary label (not a number): 131A
c:\Projects\Z80-Snake\.tmp\disasm.list(30): error: Unrecognized instruction: FD 74 26     LD   (IY+38),H
30    1300              131A FD 74 26     LD   (IY+38),H
c:\Projects\Z80-Snake\.tmp\disasm.list(31): error: Invalid temporary label (not a number): 131D
c:\Projects\Z80-Snake\.tmp\disasm.list(31): error: Unrecognized instruction: 22 0B 5C     LD   (L5C0B),HL
31    1300              131D 22 0B 5C     LD   (L5C0B),HL
c:\Projects\Z80-Snake\.tmp\disasm.list(32): error: Unrecognized instruction: 21 01 00     LD   HL,0001h
32    1300              1320 21 01 00     LD   HL,0001h
c:\Projects\Z80-Snake\.tmp\disasm.list(33): error: Unrecognized instruction: 22 16 5C     LD   (L5C16),HL
33    1300              1323 22 16 5C     LD   (L5C16),HL
c:\Projects\Z80-Snake\.tmp\disasm.list(34): error: Unrecognized instruction: CD B0 16     CALL L16B0
34    1300              1326 CD B0 16     CALL L16B0
c:\Projects\Z80-Snake\.tmp\disasm.list(35): error: Unrecognized instruction: FD CB 37 AE  RES  5,(IY+55)
35    1300              1329 FD CB 37 AE  RES  5,(IY+55)
c:\Projects\Z80-Snake\.tmp\disasm.list(36): error: Invalid temporary label (not a number): 132D
c:\Projects\Z80-Snake\.tmp\disasm.list(36): error: Unrecognized instruction: CD 6E 0D     CALL L0D6E
36    1300              132D CD 6E 0D     CALL L0D6E
c:\Projects\Z80-Snake\.tmp\disasm.list(37): error: Unrecognized instruction: FD CB 02 EE  SET  5,(IY+2)
37    1300              1330 FD CB 02 EE  SET  5,(IY+2)
c:\Projects\Z80-Snake\.tmp\disasm.list(38): error: Unrecognized instruction: F1           POP  AF
38    1300              1334 F1           POP  AF
c:\Projects\Z80-Snake\.tmp\disasm.list(39): error: Unrecognized instruction: 47           LD   B,A
39    1300              1335 47           LD   B,A
c:\Projects\Z80-Snake\.tmp\disasm.list(40): error: Unrecognized instruction: FE 0A        CP   0Ah
40    1300              1336 FE 0A        CP   0Ah
c:\Projects\Z80-Snake\.tmp\disasm.list(41): error: Unrecognized instruction: 38 02        JR   C,L133C
41    1300              1338 38 02        JR   C,L133C
c:\Projects\Z80-Snake\.tmp\disasm.list(42): error: Invalid temporary label (not a number): 133A
c:\Projects\Z80-Snake\.tmp\disasm.list(42): error: Unrecognized instruction: C6 07        ADD  A,07h
42    1300              133A C6 07        ADD  A,07h
c:\Projects\Z80-Snake\.tmp\disasm.list(43): error: Invalid temporary label (not a number): 133C
c:\Projects\Z80-Snake\.tmp\disasm.list(43): error: Unrecognized instruction: L133C
43    1300              133C L133C
43    1300
c:\Projects\Z80-Snake\.tmp\disasm.list(44): error: Invalid temporary label (not a number): 133C
c:\Projects\Z80-Snake\.tmp\disasm.list(44): error: Unrecognized instruction: CD EF 15     CALL L15EF
44    1300              133C CD EF 15     CALL L15EF
c:\Projects\Z80-Snake\.tmp\disasm.list(45): error: Invalid temporary label (not a number): 133F
c:\Projects\Z80-Snake\.tmp\disasm.list(45): error: Unrecognized instruction: 3E 20        LD   A,20h
45    1300              133F 3E 20        LD   A,20h
c:\Projects\Z80-Snake\.tmp\disasm.list(46): error: Unrecognized instruction: D7           RST  10h
46    1300              1341 D7           RST  10h
c:\Projects\Z80-Snake\.tmp\disasm.list(47): error: Unrecognized instruction: 78           LD   A,B
47    1300              1342 78           LD   A,B
c:\Projects\Z80-Snake\.tmp\disasm.list(48): error: Unrecognized instruction: 11 91 13     LD   DE,1391h
48    1300              1343 11 91 13     LD   DE,1391h
c:\Projects\Z80-Snake\.tmp\disasm.list(49): error: Unrecognized instruction: CD 0A 0C     CALL L0C0A
49    1300              1346 CD 0A 0C     CALL L0C0A
c:\Projects\Z80-Snake\.tmp\disasm.list(50): error: Unrecognized instruction: AF           XOR  A
50    1300              1349 AF           XOR  A
c:\Projects\Z80-Snake\.tmp\disasm.list(51): error: Invalid temporary label (not a number): 134A
c:\Projects\Z80-Snake\.tmp\disasm.list(51): error: Unrecognized instruction: 11 36 15     LD   DE,1536h
51    1300              134A 11 36 15     LD   DE,1536h
c:\Projects\Z80-Snake\.tmp\disasm.list(52): error: Invalid temporary label (not a number): 134D
c:\Projects\Z80-Snake\.tmp\disasm.list(52): error: Unrecognized instruction: CD 0A 0C     CALL L0C0A
52    1300              134D CD 0A 0C     CALL L0C0A
c:\Projects\Z80-Snake\.tmp\disasm.list(53): error: Unrecognized instruction: ED 4B 45 5C  LD   BC,(L5C45)
53    1300              1350 ED 4B 45 5C  LD   BC,(L5C45)
c:\Projects\Z80-Snake\.tmp\disasm.list(54): error: Unrecognized instruction: CD 1B 1A     CALL L1A1B
54    1300              1354 CD 1B 1A     CALL L1A1B
c:\Projects\Z80-Snake\.tmp\disasm.list(55): error: Unrecognized instruction: 3E 3A        LD   A,3Ah
55    1300              1357 3E 3A        LD   A,3Ah
c:\Projects\Z80-Snake\.tmp\disasm.list(56): error: Unrecognized instruction: D7           RST  10h
56    1300              1359 D7           RST  10h
c:\Projects\Z80-Snake\.tmp\disasm.list(57): error: Invalid temporary label (not a number): 135A
c:\Projects\Z80-Snake\.tmp\disasm.list(57): error: Unrecognized instruction: FD 4E 0D     LD   C,(IY+13)
57    1300              135A FD 4E 0D     LD   C,(IY+13)
c:\Projects\Z80-Snake\.tmp\disasm.list(58): error: Invalid temporary label (not a number): 135D
c:\Projects\Z80-Snake\.tmp\disasm.list(58): error: Unrecognized instruction: 06 00        LD   B,00h
58    1300              135D 06 00        LD   B,00h
c:\Projects\Z80-Snake\.tmp\disasm.list(59): error: Invalid temporary label (not a number): 135F
c:\Projects\Z80-Snake\.tmp\disasm.list(59): error: Unrecognized instruction: CD 1B 1A     CALL L1A1B
59    1300              135F CD 1B 1A     CALL L1A1B
c:\Projects\Z80-Snake\.tmp\disasm.list(60): error: Unrecognized instruction: CD 97 00     CALL L0097
60    1300              1362 CD 97 00     CALL L0097
# file closed: c:\Projects\Z80-Snake\.tmp\disasm.list
